XV6_TEST_OUTPUT Index 0: pdx: 0x0, ptx: 0xB, present: 0, writable: 1, encrypted: 1
XV6_TEST_OUTPUT Index 1: pdx: 0x0, ptx: 0xA, present: 0, writable: 1, encrypted: 1
XV6_TEST_OUTPUT Index 2: pdx: 0x0, ptx: 0x9, present: 0, writable: 1, encrypted: 1
XV6_TEST_OUTPUT Index 3: pdx: 0x0, ptx: 0x8, present: 0, writable: 1, encrypted: 1
XV6_TEST_OUTPUT Index 4: pdx: 0x0, ptx: 0x7, present: 1, writable: 1, encrypted: 0
XV6_TEST_OUTPUT Index 0: pdx: 0x0, ptx: 0xB, present: 0, writable: 1, encrypted: 1
XV6_TEST_OUTPUT Index 1: pdx: 0x0, ptx: 0xA, present: 0, writable: 1, encrypted: 1
XV6_TEST_OUTPUT Index 2: pdx: 0x0, ptx: 0x9, present: 0, writable: 1, encrypted: 1
XV6_TEST_OUTPUT Index 3: pdx: 0x0, ptx: 0x8, present: 0, writable: 1, encrypted: 1
XV6_TEST_OUTPUT Index 4: pdx: 0x0, ptx: 0x7, present: 0, writable: 1, encrypted: 1
