XV6_TEST_OUTPUT Index 0: pdx: 0x0, ptx: 0x7, present bit: 1, writable bit: 1, encrypted: 0
